---------------------------------------------------------------------------------------
--------------------------------------1st----------------------------------------------
---------------------------------------------------------------------------------------
1. Add a column ‘SSN’ at the first position in the table EMPLOYEE


alter table EMPLOYEE add ssn int first;

Query OK, 0 rows affected (0.57 sec)
Records: 0  Duplicates: 0  Warnings: 0

mysql> desc EMPLOYEE;
+----------+-------------+------+-----+---------+-------+
| Field    | Type        | Null | Key | Default | Extra |
+----------+-------------+------+-----+---------+-------+
| ssn      | int(11)     | YES  |     | NULL    |       |
| emp_id   | int(11)     | YES  |     | NULL    |       |
| name     | varchar(10) | YES  |     | NULL    |       |
| city     | varchar(10) | YES  |     | NULL    |       |
| dob      | date        | YES  |     | NULL    |       |
| adhar_no | int(11)     | YES  |     | NULL    |       |
+----------+-------------+------+-----+---------+-------+
6 rows in set (0.00 sec)

---------------------------------------------------------------------------------------
--------------------------------------2nd----------------------------------------------
---------------------------------------------------------------------------------------
2.Change the data type of the column‘DOB’  in year the table EMPLOYEE    

alter table EMPLOYEE modify dob year;

Query OK, 0 rows affected (0.91 sec)
Records: 0  Duplicates: 0  Warnings: 0

mysql> DESC EMPLOYEE;
+----------+-------------+------+-----+---------+-------+
| Field    | Type        | Null | Key | Default | Extra |
+----------+-------------+------+-----+---------+-------+
| ssn      | int(11)     | YES  |     | NULL    |       |
| emp_id   | int(11)     | YES  |     | NULL    |       |
| name     | varchar(10) | YES  |     | NULL    |       |
| city     | varchar(10) | YES  |     | NULL    |       |
| dob      | year(4)     | YES  |     | NULL    |       |
| adhar_no | int(11)     | YES  |     | NULL    |       |
+----------+-------------+------+-----+---------+-------+
6 rows in set (0.00 sec)


---------------------------------------------------------------------------------------
--------------------------------------3rd----------------------------------------------
---------------------------------------------------------------------------------------
3.Delete the column ‘emp_id’ the table EMPLOYEE.

alter table EMPLOYEE drop emp_id; 

Query OK, 0 rows affected (0.55 sec)
Records: 0  Duplicates: 0  Warnings: 0

mysql> DESC EMPLOYEE;
+----------+-------------+------+-----+---------+-------+
| Field    | Type        | Null | Key | Default | Extra |
+----------+-------------+------+-----+---------+-------+
| ssn      | int(11)     | YES  |     | NULL    |       |
| name     | varchar(10) | YES  |     | NULL    |       |
| city     | varchar(10) | YES  |     | NULL    |       |
| dob      | year(4)     | YES  |     | NULL    |       |
| adhar_no | int(11)     | YES  |     | NULL    |       |
+----------+-------------+------+-----+---------+-------+
5 rows in set (0.00 sec)
---------------------------------------------------------------------------------------
--------------------------------------4th----------------------------------------------
---------------------------------------------------------------------------------------

4.Add  the constraint unique for columns ‘SSN, ‘adhar_no’ the table EMPLOYEE

alter table EMPLOYEE add constraint c1 unique(ssn,adhar_no);

Query OK, 0 rows affected (0.26 sec)
Records: 0  Duplicates: 0  Warnings: 0

mysql> DESC EMPLOYEE;
+----------+-------------+------+-----+---------+-------+
| Field    | Type        | Null | Key | Default | Extra |
+----------+-------------+------+-----+---------+-------+
| ssn      | int(11)     | YES  | MUL | NULL    |       |
| name     | varchar(10) | YES  |     | NULL    |       |
| city     | varchar(10) | YES  |     | NULL    |       |
| dob      | year(4)     | YES  |     | NULL    |       |
| adhar_no | int(11)     | YES  |     | NULL    |       |
+----------+-------------+------+-----+---------+-------+
5 rows in set (0.00 sec)


---------------------------------------------------------------------------------------
--------------------------------------5th-----------------------------------------------
---------------------------------------------------------------------------------------

5.Delete the NULL constraint of ‘age’ in the STUDENT table.

alter table STUDENT modify age int null;

Query OK, 0 rows affected (0.55 sec)
Records: 0  Duplicates: 0  Warnings: 0

mysql> DESC STUDENT;
+---------+-------------+------+-----+---------+-------+
| Field   | Type        | Null | Key | Default | Extra |
+---------+-------------+------+-----+---------+-------+
| roll_no | int(11)     | NO   | PRI | NULL    |       |
| name    | varchar(10) | NO   |     | NULL    |       |
| age     | int(11)     | YES  |     | NULL    |       |
| address | varchar(10) | YES  |     | NULL    |       |
| gender  | varchar(2)  | YES  |     | m       |       |
+---------+-------------+------+-----+---------+-------+
5 rows in set (0.00 sec)



---------------------------------------------------------------------------------------
---------------------------------------6th--------------------------------------------
---------------------------------------------------------------------------------------

6.Change the table name EMPLOYEE as PERSON

alter table  EMPLOYEE rename to PERSON;

Query OK, 0 rows affected (0.13 sec)

mysql> DESC PERSON;
+----------+-------------+------+-----+---------+-------+
| Field    | Type        | Null | Key | Default | Extra |
+----------+-------------+------+-----+---------+-------+
| ssn      | int(11)     | YES  | MUL | NULL    |       |
| name     | varchar(10) | YES  |     | NULL    |       |
| city     | varchar(10) | YES  |     | NULL    |       |
| dob      | year(4)     | YES  |     | NULL    |       |
| adhar_no | int(11)     | YES  |     | NULL    |       |
+----------+-------------+------+-----+---------+-------+
5 rows in set (0.00 sec)



---------------------------------------------------------------------------------------
---------------------------------------7th---------------------------------------------
---------------------------------------------------------------------------------------

7.Delete the duplicate table
 
drop table EMPLOYEE1;

Query OK, 0 rows affected (0.17 sec)

mysql> DESC EMPLOYEE1;
ERROR 1146 (42S02): Table 'fathima.EMPLOYEE1' doesn't exist


